// Jest Snapshot v1, https://goo.gl/fbAQLP

exports[`LoaderSnapTest Loader component should render loader div 1`] = `
<div>
  <header
    className="header"
  >
    <div
      className="container"
    >
      <div
        className="header__wrapper"
      >
        <div
          className="header__left"
        >
          <a
            className="header__logo-link header__logo-link--active"
            onClick={[Function]}
          >
            <img
              alt="6 cities logo"
              className="header__logo"
              height="41"
              src="img/logo.svg"
              width="81"
            />
          </a>
        </div>
      </div>
    </div>
  </header>
  <div
    style={
      Object {
        "textAlign": "center",
        "width": "100%",
      }
    }
  >
    <img
      alt="Loading"
      height="328"
      src="img/loader.svg"
      width="328"
    />
  </div>
</div>
`;
